ImagenFantasma, ASM, compImg/SweetNovember.128x64.bmp, 64, 128, 200, 11698635
ColorBordes, ASM, compImg/SweetNovember.128x64.bmp, 64, 128, 200, 12214923
ReforzarBrillo, ASM, compImg/SweetNovember.128x64.bmp, 64, 128, 200, 3298321
ImagenFantasma, ASM, compImg/SweetNovember.1600x1200.bmp, 1200, 1600, 200, 3878420829
ColorBordes, ASM, compImg/SweetNovember.1600x1200.bmp, 1200, 1600, 200, 2577888598
ReforzarBrillo, ASM, compImg/SweetNovember.1600x1200.bmp, 1200, 1600, 200, 902228027
ImagenFantasma, ASM, compImg/SweetNovember.256x128.bmp, 128, 256, 200, 44791796
ColorBordes, ASM, compImg/SweetNovember.256x128.bmp, 128, 256, 200, 37642452
ReforzarBrillo, ASM, compImg/SweetNovember.256x128.bmp, 128, 256, 200, 10423853
ImagenFantasma, ASM, compImg/SweetNovember.32x16.bmp, 16, 32, 200, 1111865
ColorBordes, ASM, compImg/SweetNovember.32x16.bmp, 16, 32, 200, 739720
ReforzarBrillo, ASM, compImg/SweetNovember.32x16.bmp, 16, 32, 200, 145413
ImagenFantasma, ASM, compImg/SweetNovember.400x300.bmp, 300, 400, 200, 170575882
ColorBordes, ASM, compImg/SweetNovember.400x300.bmp, 300, 400, 200, 143324839
ReforzarBrillo, ASM, compImg/SweetNovember.400x300.bmp, 300, 400, 200, 33957558
ImagenFantasma, ASM, compImg/SweetNovember.512x256.bmp, 256, 512, 200, 187155319
ColorBordes, ASM, compImg/SweetNovember.512x256.bmp, 256, 512, 200, 155154404
ReforzarBrillo, ASM, compImg/SweetNovember.512x256.bmp, 256, 512, 200, 38153797
ImagenFantasma, ASM, compImg/SweetNovember.64x32.bmp, 32, 64, 200, 3343319
ColorBordes, ASM, compImg/SweetNovember.64x32.bmp, 32, 64, 200, 2508426
ReforzarBrillo, ASM, compImg/SweetNovember.64x32.bmp, 32, 64, 200, 594759
ImagenFantasma, ASM, compImg/SweetNovember.800x600.bmp, 600, 800, 200, 683252720
ColorBordes, ASM, compImg/SweetNovember.800x600.bmp, 600, 800, 200, 593065688
ReforzarBrillo, ASM, compImg/SweetNovember.800x600.bmp, 600, 800, 200, 151260733
