ReforzarBrillo, C, compImg/SweetNovember.128x64.bmp, 64, 128, 200, 108929303
ReforzarBrillo, C, compImg/SweetNovember.1600x1200.bmp, 1200, 1600, 200, 18425213046
ReforzarBrillo, C, compImg/SweetNovember.256x128.bmp, 128, 256, 200, 397031016
ReforzarBrillo, C, compImg/SweetNovember.32x16.bmp, 16, 32, 200, 6006677
ReforzarBrillo, C, compImg/SweetNovember.400x300.bmp, 300, 400, 200, 1325079438
ReforzarBrillo, C, compImg/SweetNovember.512x256.bmp, 256, 512, 200, 1440047072
ReforzarBrillo, C, compImg/SweetNovember.64x32.bmp, 32, 64, 200, 31064251
ReforzarBrillo, C, compImg/SweetNovember.800x600.bmp, 600, 800, 200, 5129055799
