ImagenFantasma, C, compImg/SweetNovember.128x64.bmp, 64, 128, 100, 79119715
ColorBordes, C, compImg/SweetNovember.128x64.bmp, 64, 128, 100, 146457699
ReforzarBrillo, C, compImg/SweetNovember.128x64.bmp, 64, 128, 100, 59690146
ImagenFantasma, C, compImg/SweetNovember.1600x1200.bmp, 1200, 1600, 100, 17507162614
ColorBordes, C, compImg/SweetNovember.1600x1200.bmp, 1200, 1600, 100, 30947479947
ReforzarBrillo, C, compImg/SweetNovember.1600x1200.bmp, 1200, 1600, 100, 8579748658
ImagenFantasma, C, compImg/SweetNovember.256x128.bmp, 128, 256, 100, 312426769
ColorBordes, C, compImg/SweetNovember.256x128.bmp, 128, 256, 100, 553333302
ReforzarBrillo, C, compImg/SweetNovember.256x128.bmp, 128, 256, 100, 194135396
ImagenFantasma, C, compImg/SweetNovember.32x16.bmp, 16, 32, 100, 6047303
ColorBordes, C, compImg/SweetNovember.32x16.bmp, 16, 32, 100, 8163589
ReforzarBrillo, C, compImg/SweetNovember.32x16.bmp, 16, 32, 100, 2928246
ImagenFantasma, C, compImg/SweetNovember.400x300.bmp, 300, 400, 100, 1135284868
ColorBordes, C, compImg/SweetNovember.400x300.bmp, 300, 400, 100, 2056239908
ReforzarBrillo, C, compImg/SweetNovember.400x300.bmp, 300, 400, 100, 656264639
ImagenFantasma, C, compImg/SweetNovember.512x256.bmp, 256, 512, 100, 1243017247
ColorBordes, C, compImg/SweetNovember.512x256.bmp, 256, 512, 100, 2193105241
ReforzarBrillo, C, compImg/SweetNovember.512x256.bmp, 256, 512, 100, 677114923
ImagenFantasma, C, compImg/SweetNovember.64x32.bmp, 32, 64, 100, 23127273
ColorBordes, C, compImg/SweetNovember.64x32.bmp, 32, 64, 100, 34581525
ReforzarBrillo, C, compImg/SweetNovember.64x32.bmp, 32, 64, 100, 13651377
ImagenFantasma, C, compImg/SweetNovember.800x600.bmp, 600, 800, 100, 4490130102
ColorBordes, C, compImg/SweetNovember.800x600.bmp, 600, 800, 100, 7832124998
ReforzarBrillo, C, compImg/SweetNovember.800x600.bmp, 600, 800, 100, 2335208940
