ImagenFantasma, C, compImg/SweetNovember.128x64.bmp, 64, 128, 100, 86664860
ColorBordes, C, compImg/SweetNovember.128x64.bmp, 64, 128, 100, 155811410
ReforzarBrillo, C, compImg/SweetNovember.128x64.bmp, 64, 128, 100, 55146552
ImagenFantasma, C, compImg/SweetNovember.1600x1200.bmp, 1200, 1600, 100, 19839202451
ColorBordes, C, compImg/SweetNovember.1600x1200.bmp, 1200, 1600, 100, 41609894447
ReforzarBrillo, C, compImg/SweetNovember.1600x1200.bmp, 1200, 1600, 100, 12468317355
ImagenFantasma, C, compImg/SweetNovember.256x128.bmp, 128, 256, 100, 346661321
ColorBordes, C, compImg/SweetNovember.256x128.bmp, 128, 256, 100, 666966469
ReforzarBrillo, C, compImg/SweetNovember.256x128.bmp, 128, 256, 100, 288748792
ImagenFantasma, C, compImg/SweetNovember.32x16.bmp, 16, 32, 100, 4725911
ColorBordes, C, compImg/SweetNovember.32x16.bmp, 16, 32, 100, 8379932
ReforzarBrillo, C, compImg/SweetNovember.32x16.bmp, 16, 32, 100, 2253343
ImagenFantasma, C, compImg/SweetNovember.400x300.bmp, 300, 400, 100, 1353973832
ColorBordes, C, compImg/SweetNovember.400x300.bmp, 300, 400, 100, 2815605121
ReforzarBrillo, C, compImg/SweetNovember.400x300.bmp, 300, 400, 100, 765349973
ImagenFantasma, C, compImg/SweetNovember.512x256.bmp, 256, 512, 100, 1437787682
ColorBordes, C, compImg/SweetNovember.512x256.bmp, 256, 512, 100, 2610096975
ReforzarBrillo, C, compImg/SweetNovember.512x256.bmp, 256, 512, 100, 797221644
ImagenFantasma, C, compImg/SweetNovember.64x32.bmp, 32, 64, 100, 20449347
ColorBordes, C, compImg/SweetNovember.64x32.bmp, 32, 64, 100, 47440344
ReforzarBrillo, C, compImg/SweetNovember.64x32.bmp, 32, 64, 100, 16022719
ImagenFantasma, C, compImg/SweetNovember.800x600.bmp, 600, 800, 100, 5349204319
ColorBordes, C, compImg/SweetNovember.800x600.bmp, 600, 800, 100, 8451734468
ReforzarBrillo, C, compImg/SweetNovember.800x600.bmp, 600, 800, 100, 2463593732
