ImagenFantasma, C, compImg/SweetNovember.128x64.bmp, 64, 128, 100, 83411882
ColorBordes, C, compImg/SweetNovember.128x64.bmp, 64, 128, 100, 143007151
ReforzarBrillo, C, compImg/SweetNovember.128x64.bmp, 64, 128, 100, 55642396
ImagenFantasma, C, compImg/SweetNovember.1600x1200.bmp, 1200, 1600, 100, 18908220257
ColorBordes, C, compImg/SweetNovember.1600x1200.bmp, 1200, 1600, 100, 30703905441
ReforzarBrillo, C, compImg/SweetNovember.1600x1200.bmp, 1200, 1600, 100, 9316961145
ImagenFantasma, C, compImg/SweetNovember.256x128.bmp, 128, 256, 100, 327294420
ColorBordes, C, compImg/SweetNovember.256x128.bmp, 128, 256, 100, 549351004
ReforzarBrillo, C, compImg/SweetNovember.256x128.bmp, 128, 256, 100, 191481279
ImagenFantasma, C, compImg/SweetNovember.32x16.bmp, 16, 32, 100, 6020015
ColorBordes, C, compImg/SweetNovember.32x16.bmp, 16, 32, 100, 8947452
ReforzarBrillo, C, compImg/SweetNovember.32x16.bmp, 16, 32, 100, 2431995
ImagenFantasma, C, compImg/SweetNovember.400x300.bmp, 300, 400, 100, 1138241411
ColorBordes, C, compImg/SweetNovember.400x300.bmp, 300, 400, 100, 1998840734
ReforzarBrillo, C, compImg/SweetNovember.400x300.bmp, 300, 400, 100, 672831013
ImagenFantasma, C, compImg/SweetNovember.512x256.bmp, 256, 512, 100, 1248805804
ColorBordes, C, compImg/SweetNovember.512x256.bmp, 256, 512, 100, 2201356529
ReforzarBrillo, C, compImg/SweetNovember.512x256.bmp, 256, 512, 100, 685493440
ImagenFantasma, C, compImg/SweetNovember.64x32.bmp, 32, 64, 100, 21058421
ColorBordes, C, compImg/SweetNovember.64x32.bmp, 32, 64, 100, 32488895
ReforzarBrillo, C, compImg/SweetNovember.64x32.bmp, 32, 64, 100, 13686371
ImagenFantasma, C, compImg/SweetNovember.800x600.bmp, 600, 800, 100, 4443149131
ColorBordes, C, compImg/SweetNovember.800x600.bmp, 600, 800, 100, 7862068817
ReforzarBrillo, C, compImg/SweetNovember.800x600.bmp, 600, 800, 100, 2362546415
