ImagenFantasma, C, compImg/SweetNovember.128x64.bmp, 64, 128, 100, 80509274
ColorBordes, C, compImg/SweetNovember.128x64.bmp, 64, 128, 100, 141289171
ReforzarBrillo, C, compImg/SweetNovember.128x64.bmp, 64, 128, 100, 53315804
ImagenFantasma, C, compImg/SweetNovember.1600x1200.bmp, 1200, 1600, 100, 17925887870
ColorBordes, C, compImg/SweetNovember.1600x1200.bmp, 1200, 1600, 100, 30918637838
ReforzarBrillo, C, compImg/SweetNovember.1600x1200.bmp, 1200, 1600, 100, 8615007624
ImagenFantasma, C, compImg/SweetNovember.256x128.bmp, 128, 256, 100, 311587045
ColorBordes, C, compImg/SweetNovember.256x128.bmp, 128, 256, 100, 547682434
ReforzarBrillo, C, compImg/SweetNovember.256x128.bmp, 128, 256, 100, 194094362
ImagenFantasma, C, compImg/SweetNovember.32x16.bmp, 16, 32, 100, 5163695
ColorBordes, C, compImg/SweetNovember.32x16.bmp, 16, 32, 100, 8268692
ReforzarBrillo, C, compImg/SweetNovember.32x16.bmp, 16, 32, 100, 2224642
ImagenFantasma, C, compImg/SweetNovember.400x300.bmp, 300, 400, 100, 1141325464
ColorBordes, C, compImg/SweetNovember.400x300.bmp, 300, 400, 100, 2057264820
ReforzarBrillo, C, compImg/SweetNovember.400x300.bmp, 300, 400, 100, 648847881
ImagenFantasma, C, compImg/SweetNovember.512x256.bmp, 256, 512, 100, 1225526861
ColorBordes, C, compImg/SweetNovember.512x256.bmp, 256, 512, 100, 2210444918
ReforzarBrillo, C, compImg/SweetNovember.512x256.bmp, 256, 512, 100, 693768558
ImagenFantasma, C, compImg/SweetNovember.64x32.bmp, 32, 64, 100, 24088831
ColorBordes, C, compImg/SweetNovember.64x32.bmp, 32, 64, 100, 59045896
ReforzarBrillo, C, compImg/SweetNovember.64x32.bmp, 32, 64, 100, 15831895
ImagenFantasma, C, compImg/SweetNovember.800x600.bmp, 600, 800, 100, 4474811482
ColorBordes, C, compImg/SweetNovember.800x600.bmp, 600, 800, 100, 7783062111
ReforzarBrillo, C, compImg/SweetNovember.800x600.bmp, 600, 800, 100, 2396131039
