ImagenFantasma, C, compImg/SweetNovember.128x64.bmp, 64, 128, 100, 86702578
ColorBordes, C, compImg/SweetNovember.128x64.bmp, 64, 128, 100, 137052693
ReforzarBrillo, C, compImg/SweetNovember.128x64.bmp, 64, 128, 100, 55439293
ImagenFantasma, C, compImg/SweetNovember.1600x1200.bmp, 1200, 1600, 100, 17789071786
ColorBordes, C, compImg/SweetNovember.1600x1200.bmp, 1200, 1600, 100, 31773068448
ReforzarBrillo, C, compImg/SweetNovember.1600x1200.bmp, 1200, 1600, 100, 8779005546
ImagenFantasma, C, compImg/SweetNovember.256x128.bmp, 128, 256, 100, 310309579
ColorBordes, C, compImg/SweetNovember.256x128.bmp, 128, 256, 100, 559639224
ReforzarBrillo, C, compImg/SweetNovember.256x128.bmp, 128, 256, 100, 187657154
ImagenFantasma, C, compImg/SweetNovember.32x16.bmp, 16, 32, 100, 5893802
ColorBordes, C, compImg/SweetNovember.32x16.bmp, 16, 32, 100, 12724213
ReforzarBrillo, C, compImg/SweetNovember.32x16.bmp, 16, 32, 100, 2750785
ImagenFantasma, C, compImg/SweetNovember.400x300.bmp, 300, 400, 100, 1172673752
ColorBordes, C, compImg/SweetNovember.400x300.bmp, 300, 400, 100, 2362125545
ReforzarBrillo, C, compImg/SweetNovember.400x300.bmp, 300, 400, 100, 712905978
ImagenFantasma, C, compImg/SweetNovember.512x256.bmp, 256, 512, 100, 1249079690
ColorBordes, C, compImg/SweetNovember.512x256.bmp, 256, 512, 100, 2144531383
ReforzarBrillo, C, compImg/SweetNovember.512x256.bmp, 256, 512, 100, 683450564
ImagenFantasma, C, compImg/SweetNovember.64x32.bmp, 32, 64, 100, 21569934
ColorBordes, C, compImg/SweetNovember.64x32.bmp, 32, 64, 100, 33904402
ReforzarBrillo, C, compImg/SweetNovember.64x32.bmp, 32, 64, 100, 16687446
ImagenFantasma, C, compImg/SweetNovember.800x600.bmp, 600, 800, 100, 4428233604
ColorBordes, C, compImg/SweetNovember.800x600.bmp, 600, 800, 100, 8300336134
ReforzarBrillo, C, compImg/SweetNovember.800x600.bmp, 600, 800, 100, 2729284219
